Archive member included to satisfy reference by file (symbol)

c:/st/stm32cubeide_1.7.0/stm32cubeide/plugins/com.st.stm32cube.ide.mcu.externaltools.gnu-tools-for-stm32.9-2020-q2-update.win32_2.0.0.202105311346/tools/bin/../lib/gcc/arm-none-eabi/9.3.1/../../../../arm-none-eabi/lib/thumb/v7-m/nofp\libc_nano.a(lib_a-errno.o)
                              ./Core/Src/syscalls.o (__errno)
c:/st/stm32cubeide_1.7.0/stm32cubeide/plugins/com.st.stm32cube.ide.mcu.externaltools.gnu-tools-for-stm32.9-2020-q2-update.win32_2.0.0.202105311346/tools/bin/../lib/gcc/arm-none-eabi/9.3.1/../../../../arm-none-eabi/lib/thumb/v7-m/nofp\libc_nano.a(lib_a-exit.o)
                              c:/st/stm32cubeide_1.7.0/stm32cubeide/plugins/com.st.stm32cube.ide.mcu.externaltools.gnu-tools-for-stm32.9-2020-q2-update.win32_2.0.0.202105311346/tools/bin/../lib/gcc/arm-none-eabi/9.3.1/../../../../arm-none-eabi/lib/thumb/v7-m/nofp/crt0.o (exit)
c:/st/stm32cubeide_1.7.0/stm32cubeide/plugins/com.st.stm32cube.ide.mcu.externaltools.gnu-tools-for-stm32.9-2020-q2-update.win32_2.0.0.202105311346/tools/bin/../lib/gcc/arm-none-eabi/9.3.1/../../../../arm-none-eabi/lib/thumb/v7-m/nofp\libc_nano.a(lib_a-impure.o)
                              c:/st/stm32cubeide_1.7.0/stm32cubeide/plugins/com.st.stm32cube.ide.mcu.externaltools.gnu-tools-for-stm32.9-2020-q2-update.win32_2.0.0.202105311346/tools/bin/../lib/gcc/arm-none-eabi/9.3.1/../../../../arm-none-eabi/lib/thumb/v7-m/nofp\libc_nano.a(lib_a-exit.o) (_global_impure_ptr)
c:/st/stm32cubeide_1.7.0/stm32cubeide/plugins/com.st.stm32cube.ide.mcu.externaltools.gnu-tools-for-stm32.9-2020-q2-update.win32_2.0.0.202105311346/tools/bin/../lib/gcc/arm-none-eabi/9.3.1/../../../../arm-none-eabi/lib/thumb/v7-m/nofp\libc_nano.a(lib_a-init.o)
                              c:/st/stm32cubeide_1.7.0/stm32cubeide/plugins/com.st.stm32cube.ide.mcu.externaltools.gnu-tools-for-stm32.9-2020-q2-update.win32_2.0.0.202105311346/tools/bin/../lib/gcc/arm-none-eabi/9.3.1/../../../../arm-none-eabi/lib/thumb/v7-m/nofp/crt0.o (__libc_init_array)
c:/st/stm32cubeide_1.7.0/stm32cubeide/plugins/com.st.stm32cube.ide.mcu.externaltools.gnu-tools-for-stm32.9-2020-q2-update.win32_2.0.0.202105311346/tools/bin/../lib/gcc/arm-none-eabi/9.3.1/../../../../arm-none-eabi/lib/thumb/v7-m/nofp\libc_nano.a(lib_a-memset.o)
                              c:/st/stm32cubeide_1.7.0/stm32cubeide/plugins/com.st.stm32cube.ide.mcu.externaltools.gnu-tools-for-stm32.9-2020-q2-update.win32_2.0.0.202105311346/tools/bin/../lib/gcc/arm-none-eabi/9.3.1/../../../../arm-none-eabi/lib/thumb/v7-m/nofp/crt0.o (memset)

Allocating common symbols
Common symbol       size              file

set2                0x4               ./Core/Src/7SegmentDisplay.o
uwTick              0x4               ./Drivers/STM32F1xx_HAL_Driver/Src/stm32f1xx_hal.o
pFlash              0x20              ./Drivers/STM32F1xx_HAL_Driver/Src/stm32f1xx_hal_flash.o
buttonFlags         0xc               ./Core/Src/input_reading.o
set1                0x4               ./Core/Src/7SegmentDisplay.o
htim2               0x48              ./Core/Src/main.o

Discarded input sections

 .text          0x0000000000000000        0x0 c:/st/stm32cubeide_1.7.0/stm32cubeide/plugins/com.st.stm32cube.ide.mcu.externaltools.gnu-tools-for-stm32.9-2020-q2-update.win32_2.0.0.202105311346/tools/bin/../lib/gcc/arm-none-eabi/9.3.1/thumb/v7-m/nofp/crti.o
 .data          0x0000000000000000        0x0 c:/st/stm32cubeide_1.7.0/stm32cubeide/plugins/com.st.stm32cube.ide.mcu.externaltools.gnu-tools-for-stm32.9-2020-q2-update.win32_2.0.0.202105311346/tools/bin/../lib/gcc/arm-none-eabi/9.3.1/thumb/v7-m/nofp/crti.o
 .bss           0x0000000000000000        0x0 c:/st/stm32cubeide_1.7.0/stm32cubeide/plugins/com.st.stm32cube.ide.mcu.externaltools.gnu-tools-for-stm32.9-2020-q2-update.win32_2.0.0.202105311346/tools/bin/../lib/gcc/arm-none-eabi/9.3.1/thumb/v7-m/nofp/crti.o
 .data          0x0000000000000000        0x4 c:/st/stm32cubeide_1.7.0/stm32cubeide/plugins/com.st.stm32cube.ide.mcu.externaltools.gnu-tools-for-stm32.9-2020-q2-update.win32_2.0.0.202105311346/tools/bin/../lib/gcc/arm-none-eabi/9.3.1/thumb/v7-m/nofp/crtbegin.o
 .text          0x0000000000000000       0x7c c:/st/stm32cubeide_1.7.0/stm32cubeide/plugins/com.st.stm32cube.ide.mcu.externaltools.gnu-tools-for-stm32.9-2020-q2-update.win32_2.0.0.202105311346/tools/bin/../lib/gcc/arm-none-eabi/9.3.1/../../../../arm-none-eabi/lib/thumb/v7-m/nofp/crt0.o
 .data          0x0000000000000000        0x0 c:/st/stm32cubeide_1.7.0/stm32cubeide/plugins/com.st.stm32cube.ide.mcu.externaltools.gnu-tools-for-stm32.9-2020-q2-update.win32_2.0.0.202105311346/tools/bin/../lib/gcc/arm-none-eabi/9.3.1/../../../../arm-none-eabi/lib/thumb/v7-m/nofp/crt0.o
[...]
Memory Configuration

Name             Origin             Length             Attributes
RAM              0x0000000020000000 0x0000000000002800 xrw
FLASH            0x0000000008000000 0x0000000000008000 xr
*default*        0x0000000000000000 0xffffffffffffffff

Linker script and memory map

LOAD c:/st/stm32cubeide_1.7.0/stm32cubeide/plugins/com.st.stm32cube.ide.mcu.externaltools.gnu-tools-for-stm32.9-2020-q2-update.win32_2.0.0.202105311346/tools/bin/../lib/gcc/arm-none-eabi/9.3.1/thumb/v7-m/nofp/crti.o
LOAD c:/st/stm32cubeide_1.7.0/stm32cubeide/plugins/com.st.stm32cube.ide.mcu.externaltools.gnu-tools-for-stm32.9-2020-q2-update.win32_2.0.0.202105311346/tools/bin/../lib/gcc/arm-none-eabi/9.3.1/thumb/v7-m/nofp/crtbegin.o
LOAD c:/st/stm32cubeide_1.7.0/stm32cubeide/plugins/com.st.stm32cube.ide.mcu.externaltools.gnu-tools-for-stm32.9-2020-q2-update.win32_2.0.0.202105311346/tools/bin/../lib/gcc/arm-none-eabi/9.3.1/../../../../arm-none-eabi/lib/thumb/v7-m/nofp/crt0.o
LOAD ./Core/Src/7SegmentDisplay.o
LOAD ./Core/Src/TrafficLight.o
LOAD ./Core/Src/fsm_automatic.o
LOAD ./Core/Src/fsm_modify_timer_control.o
LOAD ./Core/Src/global.o
LOAD ./Core/Src/input_reading.o
LOAD ./Core/Src/main.o
LOAD ./Core/Src/stm32f1xx_hal_msp.o
LOAD ./Core/Src/stm32f1xx_it.o
LOAD ./Core/Src/syscalls.o
LOAD ./Core/Src/sysmem.o
LOAD ./Core/Src/system_stm32f1xx.o
LOAD ./Core/Src/timer.o
LOAD ./Core/Startup/startup_stm32f103c6ux.o
LOAD ./Drivers/STM32F1xx_HAL_Driver/Src/stm32f1xx_hal.o
LOAD ./Drivers/STM32F1xx_HAL_Driver/Src/stm32f1xx_hal_cortex.o
LOAD ./Drivers/STM32F1xx_HAL_Driver/Src/stm32f1xx_hal_dma.o
LOAD ./Drivers/STM32F1xx_HAL_Driver/Src/stm32f1xx_hal_exti.o
LOAD ./Drivers/STM32F1xx_HAL_Driver/Src/stm32f1xx_hal_flash.o
LOAD ./Drivers/STM32F1xx_HAL_Driver/Src/stm32f1xx_hal_flash_ex.o
LOAD ./Drivers/STM32F1xx_HAL_Driver/Src/stm32f1xx_hal_gpio.o
LOAD ./Drivers/STM32F1xx_HAL_Driver/Src/stm32f1xx_hal_gpio_ex.o
LOAD ./Drivers/STM32F1xx_HAL_Driver/Src/stm32f1xx_hal_pwr.o
LOAD ./Drivers/STM32F1xx_HAL_Driver/Src/stm32f1xx_hal_rcc.o
LOAD ./Drivers/STM32F1xx_HAL_Driver/Src/stm32f1xx_hal_rcc_ex.o
LOAD ./Drivers/STM32F1xx_HAL_Driver/Src/stm32f1xx_hal_tim.o
LOAD ./Drivers/STM32F1xx_HAL_Driver/Src/stm32f1xx_hal_tim_ex.o
START GROUP
LOAD c:/st/stm32cubeide_1.7.0/stm32cubeide/plugins/com.st.stm32cube.ide.mcu.externaltools.gnu-tools-for-stm32.9-2020-q2-update.win32_2.0.0.202105311346/tools/bin/../lib/gcc/arm-none-eabi/9.3.1/../../../../arm-none-eabi/lib/thumb/v7-m/nofp\libc_nano.a
LOAD c:/st/stm32cubeide_1.7.0/stm32cubeide/plugins/com.st.stm32cube.ide.mcu.externaltools.gnu-tools-for-stm32.9-2020-q2-update.win32_2.0.0.202105311346/tools/bin/../lib/gcc/arm-none-eabi/9.3.1/../../../../arm-none-eabi/lib/thumb/v7-m/nofp\libm.a
END GROUP
START GROUP
LOAD c:/st/stm32cubeide_1.7.0/stm32cubeide/plugins/com.st.stm32cube.ide.mcu.externaltools.gnu-tools-for-stm32.9-2020-q2-update.win32_2.0.0.202105311346/tools/bin/../lib/gcc/arm-none-eabi/9.3.1/thumb/v7-m/nofp\libgcc.a
LOAD c:/st/stm32cubeide_1.7.0/stm32cubeide/plugins/com.st.stm32cube.ide.mcu.externaltools.gnu-tools-for-stm32.9-2020-q2-update.win32_2.0.0.202105311346/tools/bin/../lib/gcc/arm-none-eabi/9.3.1/../../../../arm-none-eabi/lib/thumb/v7-m/nofp\libc_nano.a
END GROUP
START GROUP
LOAD c:/st/stm32cubeide_1.7.0/stm32cubeide/plugins/com.st.stm32cube.ide.mcu.externaltools.gnu-tools-for-stm32.9-2020-q2-update.win32_2.0.0.202105311346/tools/bin/../lib/gcc/arm-none-eabi/9.3.1/thumb/v7-m/nofp\libgcc.a
LOAD c:/st/stm32cubeide_1.7.0/stm32cubeide/plugins/com.st.stm32cube.ide.mcu.externaltools.gnu-tools-for-stm32.9-2020-q2-update.win32_2.0.0.202105311346/tools/bin/../lib/gcc/arm-none-eabi/9.3.1/../../../../arm-none-eabi/lib/thumb/v7-m/nofp\libc_nano.a
LOAD c:/st/stm32cubeide_1.7.0/stm32cubeide/plugins/com.st.stm32cube.ide.mcu.externaltools.gnu-tools-for-stm32.9-2020-q2-update.win32_2.0.0.202105311346/tools/bin/../lib/gcc/arm-none-eabi/9.3.1/../../../../arm-none-eabi/lib/thumb/v7-m/nofp\libnosys.a
END GROUP
START GROUP
LOAD c:/st/stm32cubeide_1.7.0/stm32cubeide/plugins/com.st.stm32cube.ide.mcu.externaltools.gnu-tools-for-stm32.9-2020-q2-update.win32_2.0.0.202105311346/tools/bin/../lib/gcc/arm-none-eabi/9.3.1/thumb/v7-m/nofp\libgcc.a
LOAD c:/st/stm32cubeide_1.7.0/stm32cubeide/plugins/com.st.stm32cube.ide.mcu.externaltools.gnu-tools-for-stm32.9-2020-q2-update.win32_2.0.0.202105311346/tools/bin/../lib/gcc/arm-none-eabi/9.3.1/../../../../arm-none-eabi/lib/thumb/v7-m/nofp\libc_nano.a
LOAD c:/st/stm32cubeide_1.7.0/stm32cubeide/plugins/com.st.stm32cube.ide.mcu.externaltools.gnu-tools-for-stm32.9-2020-q2-update.win32_2.0.0.202105311346/tools/bin/../lib/gcc/arm-none-eabi/9.3.1/../../../../arm-none-eabi/lib/thumb/v7-m/nofp\libnosys.a
END GROUP
LOAD c:/st/stm32cubeide_1.7.0/stm32cubeide/plugins/com.st.stm32cube.ide.mcu.externaltools.gnu-tools-for-stm32.9-2020-q2-update.win32_2.0.0.202105311346/tools/bin/../lib/gcc/arm-none-eabi/9.3.1/thumb/v7-m/nofp/crtend.o
LOAD c:/st/stm32cubeide_1.7.0/stm32cubeide/plugins/com.st.stm32cube.ide.mcu.externaltools.gnu-tools-for-stm32.9-2020-q2-update.win32_2.0.0.202105311346/tools/bin/../lib/gcc/arm-none-eabi/9.3.1/thumb/v7-m/nofp/crtn.o
                0x0000000020002800                _estack = (ORIGIN (RAM) + LENGTH (RAM))
                0x0000000000000200                _Min_Heap_Size = 0x200
                0x0000000000000400                _Min_Stack_Size = 0x400

.isr_vector     0x0000000008000000      0x10c
                0x0000000008000000                . = ALIGN (0x4)
 *(.isr_vector)
 .isr_vector    0x0000000008000000      0x10c ./Core/Startup/startup_stm32f103c6ux.o
                0x0000000008000000                g_pfnVectors
                0x000000000800010c                . = ALIGN (0x4)

.text           0x000000000800010c     0x3168
                0x000000000800010c                . = ALIGN (0x4)
 *(.text)
 .text          0x000000000800010c       0x40 c:/st/stm32cubeide_1.7.0/stm32cubeide/plugins/com.st.stm32cube.ide.mcu.externaltools.gnu-tools-for-stm32.9-2020-q2-update.win32_2.0.0.202105311346/tools/bin/../lib/gcc/arm-none-eabi/9.3.1/thumb/v7-m/nofp/crtbegin.o
 *(.text*)
 .text.display7SEG1
                0x000000000800014c      0x158 ./Core/Src/7SegmentDisplay.o
                0x000000000800014c                display7SEG1
 .text.display7SEG2
                0x00000000080002a4      0x158 ./Core/Src/7SegmentDisplay.o
                0x00000000080002a4                display7SEG2
 .text.update7Segment
                0x00000000080003fc      0x10c ./Core/Src/7SegmentDisplay.o
                0x00000000080003fc                update7Segment
 .text.setRedLed1
                0x0000000008000508       0x2c ./Core/Src/TrafficLight.o
                0x0000000008000508                setRedLed1
 .text.setYellowLed1
                0x0000000008000534       0x2c ./Core/Src/TrafficLight.o
                0x0000000008000534                setYellowLed1
 .text.setGreenLed1
                0x0000000008000560       0x2c ./Core/Src/TrafficLight.o
                0x0000000008000560                setGreenLed1
 .text.setRedLed2
                0x000000000800058c       0x2c ./Core/Src/TrafficLight.o
                0x000000000800058c                setRedLed2
 .text.setYellowLed2
                0x00000000080005b8       0x2c ./Core/Src/TrafficLight.o
                0x00000000080005b8                setYellowLed2
 .text.setGreenLed2
                0x00000000080005e4       0x2c ./Core/Src/TrafficLight.o
                0x00000000080005e4                setGreenLed2
 .text.toggleRed1
                0x0000000008000610       0x14 ./Core/Src/TrafficLight.o
                0x0000000008000610                toggleRed1
 .text.toggleYellow1
                0x0000000008000624       0x14 ./Core/Src/TrafficLight.o
                0x0000000008000624                toggleYellow1
 .text.toggleGreen1
                0x0000000008000638       0x14 ./Core/Src/TrafficLight.o
                0x0000000008000638                toggleGreen1
 .text.toggleRed2
                0x000000000800064c       0x14 ./Core/Src/TrafficLight.o
                0x000000000800064c                toggleRed2
 .text.toggleYellow2
                0x0000000008000660       0x14 ./Core/Src/TrafficLight.o
                0x0000000008000660                toggleYellow2
 .text.toggleGreen2
                0x0000000008000674       0x14 ./Core/Src/TrafficLight.o
                0x0000000008000674                toggleGreen2
 .text.clearAllLed
                0x0000000008000688       0x48 ./Core/Src/TrafficLight.o
                0x0000000008000688                clearAllLed
 .text.fsm1_automatic_run
                0x00000000080006d0      0x3f8 ./Core/Src/fsm_automatic.o
                0x00000000080006d0                fsm1_automatic_run
 .text.fsm2_automatic_run
                0x0000000008000ac8      0x3f8 ./Core/Src/fsm_automatic.o
                0x0000000008000ac8                fsm2_automatic_run
 .text.fsm_modify_timer_control
                0x0000000008000ec0      0x490 ./Core/Src/fsm_modify_timer_control.o
                0x0000000008000ec0                fsm_modify_timer_control
 .text.systemInit
                0x0000000008001350       0x78 ./Core/Src/global.o
                0x0000000008001350                systemInit
 .text.initButton
                0x00000000080013c8       0x7c ./Core/Src/input_reading.o
                0x00000000080013c8                initButton
 .text.button_reading
                0x0000000008001444      0x11c ./Core/Src/input_reading.o
                0x0000000008001444                button_reading
 .text.isButtonPressed
                0x0000000008001560       0x40 ./Core/Src/input_reading.o
                0x0000000008001560                isButtonPressed
 .text.main     0x00000000080015a0       0x34 ./Core/Src/main.o
                0x00000000080015a0                main
 .text.SystemClock_Config
                0x00000000080015d4       0x76 ./Core/Src/main.o
                0x00000000080015d4                SystemClock_Config
 *fill*         0x000000000800164a        0x2 
 .text.MX_TIM2_Init
                0x000000000800164c       0x98 ./Core/Src/main.o
 .text.MX_GPIO_Init
                0x00000000080016e4       0xc8 ./Core/Src/main.o
 .text.HAL_TIM_PeriodElapsedCallback
                0x00000000080017ac       0x18 ./Core/Src/main.o
                0x00000000080017ac                HAL_TIM_PeriodElapsedCallback
 .text.Error_Handler
                0x00000000080017c4        0xa ./Core/Src/main.o
                0x00000000080017c4                Error_Handler
 *fill*         0x00000000080017ce        0x2 
 .text.HAL_MspInit
                0x00000000080017d0       0x64 ./Core/Src/stm32f1xx_hal_msp.o
                0x00000000080017d0                HAL_MspInit
 .text.HAL_TIM_Base_MspInit
                0x0000000008001834       0x48 ./Core/Src/stm32f1xx_hal_msp.o
                0x0000000008001834                HAL_TIM_Base_MspInit
 .text.NMI_Handler
                0x000000000800187c        0x6 ./Core/Src/stm32f1xx_it.o
                0x000000000800187c                NMI_Handler
 .text.HardFault_Handler
                0x0000000008001882        0x6 ./Core/Src/stm32f1xx_it.o
                0x0000000008001882                HardFault_Handler
 .text.MemManage_Handler
                0x0000000008001888        0x6 ./Core/Src/stm32f1xx_it.o
                0x0000000008001888                MemManage_Handler
 .text.BusFault_Handler
                0x000000000800188e        0x6 ./Core/Src/stm32f1xx_it.o
                0x000000000800188e                BusFault_Handler
 .text.UsageFault_Handler
                0x0000000008001894        0x6 ./Core/Src/stm32f1xx_it.o
                0x0000000008001894                UsageFault_Handler
 .text.SVC_Handler
                0x000000000800189a        0xc ./Core/Src/stm32f1xx_it.o
                0x000000000800189a                SVC_Handler
 .text.DebugMon_Handler
                0x00000000080018a6        0xc ./Core/Src/stm32f1xx_it.o
                0x00000000080018a6                DebugMon_Handler
 .text.PendSV_Handler
                0x00000000080018b2        0xc ./Core/Src/stm32f1xx_it.o
                0x00000000080018b2                PendSV_Handler
 .text.SysTick_Handler
                0x00000000080018be        0xc ./Core/Src/stm32f1xx_it.o
                0x00000000080018be                SysTick_Handler
 *fill*         0x00000000080018ca        0x2 
 .text.TIM2_IRQHandler
                0x00000000080018cc       0x14 ./Core/Src/stm32f1xx_it.o
                0x00000000080018cc                TIM2_IRQHandler
 .text.SystemInit
                0x00000000080018e0        0xc ./Core/Src/system_stm32f1xx.o
                0x00000000080018e0                SystemInit
 .text.setTimer0
                0x00000000080018ec       0x28 ./Core/Src/timer.o
                0x00000000080018ec                setTimer0
 .text.setTimer1
                0x0000000008001914       0x28 ./Core/Src/timer.o
                0x0000000008001914                setTimer1
 .text.setTimer2
                0x000000000800193c       0x28 ./Core/Src/timer.o
                0x000000000800193c                setTimer2
 .text.setTimer3
                0x0000000008001964       0x28 ./Core/Src/timer.o
                0x0000000008001964                setTimer3
 .text.setTimer4
                0x000000000800198c       0x28 ./Core/Src/timer.o
                0x000000000800198c                setTimer4
 .text.clearTimer1
                0x00000000080019b4       0x20 ./Core/Src/timer.o
                0x00000000080019b4                clearTimer1
 .text.clearTimer2
                0x00000000080019d4       0x20 ./Core/Src/timer.o
                0x00000000080019d4                clearTimer2
 .text.clearTimer3
                0x00000000080019f4       0x20 ./Core/Src/timer.o
                0x00000000080019f4                clearTimer3
 .text.clearTimer4
                0x0000000008001a14       0x20 ./Core/Src/timer.o
                0x0000000008001a14                clearTimer4
 .text.timerRun
                0x0000000008001a34       0xd4 ./Core/Src/timer.o
                0x0000000008001a34                timerRun
 .text.isTimer0Expired
                0x0000000008001b08       0x24 ./Core/Src/timer.o
                0x0000000008001b08                isTimer0Expired
 .text.isTimer1Expired
                0x0000000008001b2c       0x24 ./Core/Src/timer.o
                0x0000000008001b2c                isTimer1Expired
 .text.isTimer2Expired
                0x0000000008001b50       0x24 ./Core/Src/timer.o
                0x0000000008001b50                isTimer2Expired
 .text.isTimer3Expired
                0x0000000008001b74       0x24 ./Core/Src/timer.o
                0x0000000008001b74                isTimer3Expired
 .text.isTimer4Expired
                0x0000000008001b98       0x24 ./Core/Src/timer.o
                0x0000000008001b98                isTimer4Expired
 .text.Reset_Handler
                0x0000000008001bbc       0x48 ./Core/Startup/startup_stm32f103c6ux.o
                0x0000000008001bbc                Reset_Handler
 .text.Default_Handler
                0x0000000008001c04        0x2 ./Core/Startup/startup_stm32f103c6ux.o
                0x0000000008001c04                RTC_Alarm_IRQHandler
                0x0000000008001c04                EXTI2_IRQHandler
                0x0000000008001c04                TIM1_CC_IRQHandler
                0x0000000008001c04                PVD_IRQHandler
                0x0000000008001c04                EXTI3_IRQHandler
                0x0000000008001c04                EXTI0_IRQHandler
                0x0000000008001c04                ADC1_2_IRQHandler
                0x0000000008001c04                SPI1_IRQHandler
                0x0000000008001c04                TAMPER_IRQHandler
                0x0000000008001c04                DMA1_Channel4_IRQHandler
                0x0000000008001c04                RTC_IRQHandler
                0x0000000008001c04                DMA1_Channel7_IRQHandler
                0x0000000008001c04                CAN1_RX1_IRQHandler
                0x0000000008001c04                I2C1_EV_IRQHandler
                0x0000000008001c04                DMA1_Channel6_IRQHandler
                0x0000000008001c04                TIM3_IRQHandler
                0x0000000008001c04                RCC_IRQHandler
                0x0000000008001c04                TIM1_TRG_COM_IRQHandler
                0x0000000008001c04                DMA1_Channel1_IRQHandler
                0x0000000008001c04                Default_Handler
                0x0000000008001c04                EXTI15_10_IRQHandler
                0x0000000008001c04                EXTI9_5_IRQHandler
                0x0000000008001c04                DMA1_Channel5_IRQHandler
                0x0000000008001c04                EXTI4_IRQHandler
                0x0000000008001c04                USB_LP_CAN1_RX0_IRQHandler
                0x0000000008001c04                USB_HP_CAN1_TX_IRQHandler
                0x0000000008001c04                DMA1_Channel3_IRQHandler
                0x0000000008001c04                TIM1_UP_IRQHandler
                0x0000000008001c04                WWDG_IRQHandler
                0x0000000008001c04                TIM1_BRK_IRQHandler
                0x0000000008001c04                EXTI1_IRQHandler
                0x0000000008001c04                USART2_IRQHandler
                0x0000000008001c04                DMA1_Channel2_IRQHandler
                0x0000000008001c04                CAN1_SCE_IRQHandler
                0x0000000008001c04                FLASH_IRQHandler
                0x0000000008001c04                USART1_IRQHandler
                0x0000000008001c04                I2C1_ER_IRQHandler
                0x0000000008001c04                USBWakeUp_IRQHandler
 *fill*         0x0000000008001c06        0x2 
 .text.HAL_Init
                0x0000000008001c08       0x2c ./Drivers/STM32F1xx_HAL_Driver/Src/stm32f1xx_hal.o
                0x0000000008001c08                HAL_Init
 .text.HAL_InitTick
                0x0000000008001c34       0x60 ./Drivers/STM32F1xx_HAL_Driver/Src/stm32f1xx_hal.o
                0x0000000008001c34                HAL_InitTick
 .text.HAL_IncTick
                0x0000000008001c94       0x24 ./Drivers/STM32F1xx_HAL_Driver/Src/stm32f1xx_hal.o
                0x0000000008001c94                HAL_IncTick
 .text.HAL_GetTick
                0x0000000008001cb8       0x14 ./Drivers/STM32F1xx_HAL_Driver/Src/stm32f1xx_hal.o
                0x0000000008001cb8                HAL_GetTick
 .text.__NVIC_SetPriorityGrouping
                0x0000000008001ccc       0x48 ./Drivers/STM32F1xx_HAL_Driver/Src/stm32f1xx_hal_cortex.o
 .text.__NVIC_GetPriorityGrouping
                0x0000000008001d14       0x1c ./Drivers/STM32F1xx_HAL_Driver/Src/stm32f1xx_hal_cortex.o
 .text.__NVIC_EnableIRQ
                0x0000000008001d30       0x38 ./Drivers/STM32F1xx_HAL_Driver/Src/stm32f1xx_hal_cortex.o
 .text.__NVIC_SetPriority
                0x0000000008001d68       0x54 ./Drivers/STM32F1xx_HAL_Driver/Src/stm32f1xx_hal_cortex.o
 .text.NVIC_EncodePriority
                0x0000000008001dbc       0x64 ./Drivers/STM32F1xx_HAL_Driver/Src/stm32f1xx_hal_cortex.o
 .text.SysTick_Config
                0x0000000008001e20       0x44 ./Drivers/STM32F1xx_HAL_Driver/Src/stm32f1xx_hal_cortex.o
 .text.HAL_NVIC_SetPriorityGrouping
                0x0000000008001e64       0x16 ./Drivers/STM32F1xx_HAL_Driver/Src/stm32f1xx_hal_cortex.o
                0x0000000008001e64                HAL_NVIC_SetPriorityGrouping
 .text.HAL_NVIC_SetPriority
                0x0000000008001e7a       0x38 ./Drivers/STM32F1xx_HAL_Driver/Src/stm32f1xx_hal_cortex.o
                0x0000000008001e7a                HAL_NVIC_SetPriority
 .text.HAL_NVIC_EnableIRQ
                0x0000000008001eb2       0x1c ./Drivers/STM32F1xx_HAL_Driver/Src/stm32f1xx_hal_cortex.o
                0x0000000008001eb2                HAL_NVIC_EnableIRQ
 .text.HAL_SYSTICK_Config
                0x0000000008001ece       0x18 ./Drivers/STM32F1xx_HAL_Driver/Src/stm32f1xx_hal_cortex.o
                0x0000000008001ece                HAL_SYSTICK_Config
 *fill*         0x0000000008001ee6        0x2 
 .text.HAL_GPIO_Init
                0x0000000008001ee8      0x2f4 ./Drivers/STM32F1xx_HAL_Driver/Src/stm32f1xx_hal_gpio.o
                0x0000000008001ee8                HAL_GPIO_Init
 .text.HAL_GPIO_ReadPin
                0x00000000080021dc       0x2e ./Drivers/STM32F1xx_HAL_Driver/Src/stm32f1xx_hal_gpio.o
                0x00000000080021dc                HAL_GPIO_ReadPin
 .text.HAL_GPIO_WritePin
                0x000000000800220a       0x30 ./Drivers/STM32F1xx_HAL_Driver/Src/stm32f1xx_hal_gpio.o
                0x000000000800220a                HAL_GPIO_WritePin
 .text.HAL_GPIO_TogglePin
                0x000000000800223a       0x32 ./Drivers/STM32F1xx_HAL_Driver/Src/stm32f1xx_hal_gpio.o
                0x000000000800223a                HAL_GPIO_TogglePin
 .text.HAL_RCC_OscConfig
                0x000000000800226c      0x500 ./Drivers/STM32F1xx_HAL_Driver/Src/stm32f1xx_hal_rcc.o
                0x000000000800226c                HAL_RCC_OscConfig
 .text.HAL_RCC_ClockConfig
                0x000000000800276c      0x1d4 ./Drivers/STM32F1xx_HAL_Driver/Src/stm32f1xx_hal_rcc.o
                0x000000000800276c                HAL_RCC_ClockConfig
 .text.HAL_RCC_GetSysClockFreq
                0x0000000008002940       0xc0 ./Drivers/STM32F1xx_HAL_Driver/Src/stm32f1xx_hal_rcc.o
                0x0000000008002940                HAL_RCC_GetSysClockFreq
 .text.RCC_Delay
                0x0000000008002a00       0x3c ./Drivers/STM32F1xx_HAL_Driver/Src/stm32f1xx_hal_rcc.o
 .text.HAL_TIM_Base_Init
                0x0000000008002a3c       0x9e ./Drivers/STM32F1xx_HAL_Driver/Src/stm32f1xx_hal_tim.o
                0x0000000008002a3c                HAL_TIM_Base_Init
 *fill*         0x0000000008002ada        0x2 
 .text.HAL_TIM_Base_Start_IT
                0x0000000008002adc       0x98 ./Drivers/STM32F1xx_HAL_Driver/Src/stm32f1xx_hal_tim.o
                0x0000000008002adc                HAL_TIM_Base_Start_IT
 .text.HAL_TIM_IRQHandler
                0x0000000008002b74      0x210 ./Drivers/STM32F1xx_HAL_Driver/Src/stm32f1xx_hal_tim.o
                0x0000000008002b74                HAL_TIM_IRQHandler
 .text.HAL_TIM_ConfigClockSource
                0x0000000008002d84      0x188 ./Drivers/STM32F1xx_HAL_Driver/Src/stm32f1xx_hal_tim.o
                0x0000000008002d84                HAL_TIM_ConfigClockSource
 .text.HAL_TIM_OC_DelayElapsedCallback
                0x0000000008002f0c       0x12 ./Drivers/STM32F1xx_HAL_Driver/Src/stm32f1xx_hal_tim.o
                0x0000000008002f0c                HAL_TIM_OC_DelayElapsedCallback
 .text.HAL_TIM_IC_CaptureCallback
                0x0000000008002f1e       0x12 ./Drivers/STM32F1xx_HAL_Driver/Src/stm32f1xx_hal_tim.o
                0x0000000008002f1e                HAL_TIM_IC_CaptureCallback
 .text.HAL_TIM_PWM_PulseFinishedCallback
                0x0000000008002f30       0x12 ./Drivers/STM32F1xx_HAL_Driver/Src/stm32f1xx_hal_tim.o
                0x0000000008002f30                HAL_TIM_PWM_PulseFinishedCallback
 .text.HAL_TIM_TriggerCallback
                0x0000000008002f42       0x12 ./Drivers/STM32F1xx_HAL_Driver/Src/stm32f1xx_hal_tim.o
                0x0000000008002f42                HAL_TIM_TriggerCallback
 .text.TIM_Base_SetConfig
                0x0000000008002f54       0xb0 ./Drivers/STM32F1xx_HAL_Driver/Src/stm32f1xx_hal_tim.o
                0x0000000008002f54                TIM_Base_SetConfig
 .text.TIM_TI1_ConfigInputStage
                0x0000000008003004       0x5c ./Drivers/STM32F1xx_HAL_Driver/Src/stm32f1xx_hal_tim.o
 .text.TIM_TI2_ConfigInputStage
                0x0000000008003060       0x5e ./Drivers/STM32F1xx_HAL_Driver/Src/stm32f1xx_hal_tim.o
 .text.TIM_ITRx_SetConfig
                0x00000000080030be       0x34 ./Drivers/STM32F1xx_HAL_Driver/Src/stm32f1xx_hal_tim.o
 .text.TIM_ETR_SetConfig
                0x00000000080030f2       0x3e ./Drivers/STM32F1xx_HAL_Driver/Src/stm32f1xx_hal_tim.o
                0x00000000080030f2                TIM_ETR_SetConfig
 .text.HAL_TIMEx_MasterConfigSynchronization
                0x0000000008003130       0xb0 ./Drivers/STM32F1xx_HAL_Driver/Src/stm32f1xx_hal_tim_ex.o
                0x0000000008003130                HAL_TIMEx_MasterConfigSynchronization
 .text.HAL_TIMEx_CommutCallback
                0x00000000080031e0       0x12 ./Drivers/STM32F1xx_HAL_Driver/Src/stm32f1xx_hal_tim_ex.o
                0x00000000080031e0                HAL_TIMEx_CommutCallback
 .text.HAL_TIMEx_BreakCallback
                0x00000000080031f2       0x12 ./Drivers/STM32F1xx_HAL_Driver/Src/stm32f1xx_hal_tim_ex.o
                0x00000000080031f2                HAL_TIMEx_BreakCallback
 .text.__libc_init_array
                0x0000000008003204       0x48 c:/st/stm32cubeide_1.7.0/stm32cubeide/plugins/com.st.stm32cube.ide.mcu.externaltools.gnu-tools-for-stm32.9-2020-q2-update.win32_2.0.0.202105311346/tools/bin/../lib/gcc/arm-none-eabi/9.3.1/../../../../arm-none-eabi/lib/thumb/v7-m/nofp\libc_nano.a(lib_a-init.o)
                0x0000000008003204                __libc_init_array
 .text.memset   0x000000000800324c       0x10 c:/st/stm32cubeide_1.7.0/stm32cubeide/plugins/com.st.stm32cube.ide.mcu.externaltools.gnu-tools-for-stm32.9-2020-q2-update.win32_2.0.0.202105311346/tools/bin/../lib/gcc/arm-none-eabi/9.3.1/../../../../arm-none-eabi/lib/thumb/v7-m/nofp\libc_nano.a(lib_a-memset.o)
                0x000000000800324c                memset
 *(.glue_7)
 .glue_7        0x000000000800325c        0x0 linker stubs
 *(.glue_7t)
 .glue_7t       0x000000000800325c        0x0 linker stubs
 *(.eh_frame)
 .eh_frame      0x000000000800325c        0x0 c:/st/stm32cubeide_1.7.0/stm32cubeide/plugins/com.st.stm32cube.ide.mcu.externaltools.gnu-tools-for-stm32.9-2020-q2-update.win32_2.0.0.202105311346/tools/bin/../lib/gcc/arm-none-eabi/9.3.1/thumb/v7-m/nofp/crtbegin.o
 *(.init)
 .init          0x000000000800325c        0x4 c:/st/stm32cubeide_1.7.0/stm32cubeide/plugins/com.st.stm32cube.ide.mcu.externaltools.gnu-tools-for-stm32.9-2020-q2-update.win32_2.0.0.202105311346/tools/bin/../lib/gcc/arm-none-eabi/9.3.1/thumb/v7-m/nofp/crti.o
                0x000000000800325c                _init
 .init          0x0000000008003260        0x8 c:/st/stm32cubeide_1.7.0/stm32cubeide/plugins/com.st.stm32cube.ide.mcu.externaltools.gnu-tools-for-stm32.9-2020-q2-update.win32_2.0.0.202105311346/tools/bin/../lib/gcc/arm-none-eabi/9.3.1/thumb/v7-m/nofp/crtn.o
 *(.fini)
 .fini          0x0000000008003268        0x4 c:/st/stm32cubeide_1.7.0/stm32cubeide/plugins/com.st.stm32cube.ide.mcu.externaltools.gnu-tools-for-stm32.9-2020-q2-update.win32_2.0.0.202105311346/tools/bin/../lib/gcc/arm-none-eabi/9.3.1/thumb/v7-m/nofp/crti.o
                0x0000000008003268                _fini
 .fini          0x000000000800326c        0x8 c:/st/stm32cubeide_1.7.0/stm32cubeide/plugins/com.st.stm32cube.ide.mcu.externaltools.gnu-tools-for-stm32.9-2020-q2-update.win32_2.0.0.202105311346/tools/bin/../lib/gcc/arm-none-eabi/9.3.1/thumb/v7-m/nofp/crtn.o
                0x0000000008003274                . = ALIGN (0x4)
                0x0000000008003274                _etext = .

.vfp11_veneer   0x0000000008003274        0x0
 .vfp11_veneer  0x0000000008003274        0x0 linker stubs

.v4_bx          0x0000000008003274        0x0
 .v4_bx         0x0000000008003274        0x0 linker stubs

.iplt           0x0000000008003274        0x0
 .iplt          0x0000000008003274        0x0 c:/st/stm32cubeide_1.7.0/stm32cubeide/plugins/com.st.stm32cube.ide.mcu.externaltools.gnu-tools-for-stm32.9-2020-q2-update.win32_2.0.0.202105311346/tools/bin/../lib/gcc/arm-none-eabi/9.3.1/thumb/v7-m/nofp/crtbegin.o

.rodata         0x0000000008003274       0x20
                0x0000000008003274                . = ALIGN (0x4)
 *(.rodata)
 .rodata        0x0000000008003274       0x10 ./Drivers/STM32F1xx_HAL_Driver/Src/stm32f1xx_hal_rcc.o
 *(.rodata*)
 .rodata.AHBPrescTable
                0x0000000008003284       0x10 ./Core/Src/system_stm32f1xx.o
                0x0000000008003284                AHBPrescTable
                0x0000000008003294                . = ALIGN (0x4)

.rel.dyn        0x0000000008003294        0x0
 .rel.iplt      0x0000000008003294        0x0 c:/st/stm32cubeide_1.7.0/stm32cubeide/plugins/com.st.stm32cube.ide.mcu.externaltools.gnu-tools-for-stm32.9-2020-q2-update.win32_2.0.0.202105311346/tools/bin/../lib/gcc/arm-none-eabi/9.3.1/thumb/v7-m/nofp/crtbegin.o

.ARM.extab      0x0000000008003294        0x0
                0x0000000008003294                . = ALIGN (0x4)
 *(.ARM.extab* .gnu.linkonce.armextab.*)
                0x0000000008003294                . = ALIGN (0x4)

.ARM            0x0000000008003294        0x0
                0x0000000008003294                . = ALIGN (0x4)
                0x0000000008003294                __exidx_start = .
 *(.ARM.exidx*)
                0x0000000008003294                __exidx_end = .
                0x0000000008003294                . = ALIGN (0x4)

.preinit_array  0x0000000008003294        0x0
                0x0000000008003294                . = ALIGN (0x4)
                0x0000000008003294                PROVIDE (__preinit_array_start = .)
 *(.preinit_array*)
                0x0000000008003294                PROVIDE (__preinit_array_end = .)
                0x0000000008003294                . = ALIGN (0x4)

.init_array     0x0000000008003294        0x4
                0x0000000008003294                . = ALIGN (0x4)
                0x0000000008003294                PROVIDE (__init_array_start = .)
 *(SORT_BY_NAME(.init_array.*))
 *(.init_array*)
 .init_array    0x0000000008003294        0x4 c:/st/stm32cubeide_1.7.0/stm32cubeide/plugins/com.st.stm32cube.ide.mcu.externaltools.gnu-tools-for-stm32.9-2020-q2-update.win32_2.0.0.202105311346/tools/bin/../lib/gcc/arm-none-eabi/9.3.1/thumb/v7-m/nofp/crtbegin.o
                0x0000000008003298                PROVIDE (__init_array_end = .)
                0x0000000008003298                . = ALIGN (0x4)

.fini_array     0x0000000008003298        0x4
                0x0000000008003298                . = ALIGN (0x4)
                [!provide]                        PROVIDE (__fini_array_start = .)
 *(SORT_BY_NAME(.fini_array.*))
 *(.fini_array*)
 .fini_array    0x0000000008003298        0x4 c:/st/stm32cubeide_1.7.0/stm32cubeide/plugins/com.st.stm32cube.ide.mcu.externaltools.gnu-tools-for-stm32.9-2020-q2-update.win32_2.0.0.202105311346/tools/bin/../lib/gcc/arm-none-eabi/9.3.1/thumb/v7-m/nofp/crtbegin.o
                [!provide]                        PROVIDE (__fini_array_end = .)
                0x000000000800329c                . = ALIGN (0x4)
                0x000000000800329c                _sidata = LOADADDR (.data)

.data           0x0000000020000000       0x4c load address 0x000000000800329c
                0x0000000020000000                . = ALIGN (0x4)
                0x0000000020000000                _sdata = .
 *(.data)
 *(.data*)
 .data.status1  0x0000000020000000        0x4 ./Core/Src/global.o
                0x0000000020000000                status1
 .data.lastState1
                0x0000000020000004        0x4 ./Core/Src/global.o
                0x0000000020000004                lastState1
 .data.status2  0x0000000020000008        0x4 ./Core/Src/global.o
                0x0000000020000008                status2
 .data.lastState2
                0x000000002000000c        0x4 ./Core/Src/global.o
                0x000000002000000c                lastState2
 .data.status3  0x0000000020000010        0x4 ./Core/Src/global.o
                0x0000000020000010                status3
 .data.red_duration1
                0x0000000020000014        0x4 ./Core/Src/global.o
                0x0000000020000014                red_duration1
 .data.yellow_duration1
                0x0000000020000018        0x4 ./Core/Src/global.o
                0x0000000020000018                yellow_duration1
 .data.green_duration1
                0x000000002000001c        0x4 ./Core/Src/global.o
                0x000000002000001c                green_duration1
 .data.red_duration2
                0x0000000020000020        0x4 ./Core/Src/global.o
                0x0000000020000020                red_duration2
 .data.yellow_duration2
                0x0000000020000024        0x4 ./Core/Src/global.o
                0x0000000020000024                yellow_duration2
 .data.green_duration2
                0x0000000020000028        0x4 ./Core/Src/global.o
                0x0000000020000028                green_duration2
 .data.time_input
                0x000000002000002c        0x4 ./Core/Src/global.o
                0x000000002000002c                time_input
 .data.mode     0x0000000020000030        0x4 ./Core/Src/global.o
                0x0000000020000030                mode
 .data.TimeOutForKeyPress
                0x0000000020000034        0x4 ./Core/Src/input_reading.o
                0x0000000020000034                TimeOutForKeyPress
 .data.buttonPin
                0x0000000020000038        0x6 ./Core/Src/input_reading.o
                0x0000000020000038                buttonPin
 *fill*         0x000000002000003e        0x2 
 .data.SystemCoreClock
                0x0000000020000040        0x4 ./Core/Src/system_stm32f1xx.o
                0x0000000020000040                SystemCoreClock
 .data.uwTickPrio
                0x0000000020000044        0x4 ./Drivers/STM32F1xx_HAL_Driver/Src/stm32f1xx_hal.o
                0x0000000020000044                uwTickPrio
 .data.uwTickFreq
                0x0000000020000048        0x1 ./Drivers/STM32F1xx_HAL_Driver/Src/stm32f1xx_hal.o
                0x0000000020000048                uwTickFreq
 *(.RamFunc)
 *(.RamFunc*)
                0x000000002000004c                . = ALIGN (0x4)
 *fill*         0x0000000020000049        0x3 
                0x000000002000004c                _edata = .

.igot.plt       0x000000002000004c        0x0 load address 0x00000000080032e8
 .igot.plt      0x000000002000004c        0x0 c:/st/stm32cubeide_1.7.0/stm32cubeide/plugins/com.st.stm32cube.ide.mcu.externaltools.gnu-tools-for-stm32.9-2020-q2-update.win32_2.0.0.202105311346/tools/bin/../lib/gcc/arm-none-eabi/9.3.1/thumb/v7-m/nofp/crtbegin.o
                0x000000002000004c                . = ALIGN (0x4)

.bss            0x000000002000004c       0xd4 load address 0x00000000080032e8
                0x000000002000004c                _sbss = .
                0x000000002000004c                __bss_start__ = _sbss
 *(.bss)
 .bss           0x000000002000004c       0x1c c:/st/stm32cubeide_1.7.0/stm32cubeide/plugins/com.st.stm32cube.ide.mcu.externaltools.gnu-tools-for-stm32.9-2020-q2-update.win32_2.0.0.202105311346/tools/bin/../lib/gcc/arm-none-eabi/9.3.1/thumb/v7-m/nofp/crtbegin.o
 *(.bss*)
 .bss.led_index
                0x0000000020000068        0x4 ./Core/Src/7SegmentDisplay.o
                0x0000000020000068                led_index
 .bss.timeCountdown1
                0x000000002000006c        0x4 ./Core/Src/global.o
                0x000000002000006c                timeCountdown1
 .bss.timeCountdown2
                0x0000000020000070        0x4 ./Core/Src/global.o
                0x0000000020000070                timeCountdown2
 .bss.returnFlag1
                0x0000000020000074        0x4 ./Core/Src/global.o
                0x0000000020000074                returnFlag1
 .bss.returnFlag2
                0x0000000020000078        0x4 ./Core/Src/global.o
                0x0000000020000078                returnFlag2
 .bss.debounceButtonBuffer1
                0x000000002000007c        0x3 ./Core/Src/input_reading.o
 *fill*         0x000000002000007f        0x1 
 .bss.debounceButtonBuffer2
                0x0000000020000080        0x3 ./Core/Src/input_reading.o
 *fill*         0x0000000020000083        0x1 
 .bss.debounceButtonBuffer3
                0x0000000020000084        0x3 ./Core/Src/input_reading.o
 *fill*         0x0000000020000087        0x1 
 .bss.debounceButtonBuffer4
                0x0000000020000088        0x3 ./Core/Src/input_reading.o
 *fill*         0x000000002000008b        0x1 
 .bss.flagForButtonPress1s
                0x000000002000008c        0x3 ./Core/Src/input_reading.o
 *fill*         0x000000002000008f        0x1 
 .bss.counterForButtonPress1s
                0x0000000020000090        0x6 ./Core/Src/input_reading.o
 *fill*         0x0000000020000096        0x2 
 .bss.timer0_cnt
                0x0000000020000098        0x4 ./Core/Src/timer.o
                0x0000000020000098                timer0_cnt
 .bss.timer1_cnt
                0x000000002000009c        0x4 ./Core/Src/timer.o
                0x000000002000009c                timer1_cnt
 .bss.timer2_cnt
                0x00000000200000a0        0x4 ./Core/Src/timer.o
                0x00000000200000a0                timer2_cnt
 .bss.timer3_cnt
                0x00000000200000a4        0x4 ./Core/Src/timer.o
                0x00000000200000a4                timer3_cnt
 .bss.timer4_cnt
                0x00000000200000a8        0x4 ./Core/Src/timer.o
                0x00000000200000a8                timer4_cnt
 .bss.timer0_flag
                0x00000000200000ac        0x4 ./Core/Src/timer.o
                0x00000000200000ac                timer0_flag
 .bss.timer1_flag
                0x00000000200000b0        0x4 ./Core/Src/timer.o
                0x00000000200000b0                timer1_flag
 .bss.timer2_flag
                0x00000000200000b4        0x4 ./Core/Src/timer.o
                0x00000000200000b4                timer2_flag
 .bss.timer3_flag
                0x00000000200000b8        0x4 ./Core/Src/timer.o
                0x00000000200000b8                timer3_flag
 .bss.timer4_flag
                0x00000000200000bc        0x4 ./Core/Src/timer.o
                0x00000000200000bc                timer4_flag
 *(COMMON)
 COMMON         0x00000000200000c0        0x8 ./Core/Src/7SegmentDisplay.o
                0x00000000200000c0                set2
                0x00000000200000c4                set1
 COMMON         0x00000000200000c8        0xc ./Core/Src/input_reading.o
                0x00000000200000c8                buttonFlags
 COMMON         0x00000000200000d4       0x48 ./Core/Src/main.o
                0x00000000200000d4                htim2
 COMMON         0x000000002000011c        0x4 ./Drivers/STM32F1xx_HAL_Driver/Src/stm32f1xx_hal.o
                0x000000002000011c                uwTick
                0x0000000020000120                . = ALIGN (0x4)
                0x0000000020000120                _ebss = .
                0x0000000020000120                __bss_end__ = _ebss

._user_heap_stack
                0x0000000020000120      0x600 load address 0x00000000080032e8
                0x0000000020000120                . = ALIGN (0x8)
                [!provide]                        PROVIDE (end = .)
                0x0000000020000120                PROVIDE (_end = .)
                0x0000000020000320                . = (. + _Min_Heap_Size)
 *fill*         0x0000000020000120      0x200 
                0x0000000020000720                . = (. + _Min_Stack_Size)
 *fill*         0x0000000020000320      0x400 
                0x0000000020000720                . = ALIGN (0x8)

/DISCARD/
 libc.a(*)
 libm.a(*)
 libgcc.a(*)

.ARM.attributes
                0x0000000000000000       0x29
 *(.ARM.attributes)
 .ARM.attributes
                0x0000000000000000       0x1d c:/st/stm32cubeide_1.7.0/stm32cubeide/plugins/com.st.stm32cube.ide.mcu.externaltools.gnu-tools-for-stm32.9-2020-q2-update.win32_2.0.0.202105311346/tools/bin/../lib/gcc/arm-none-eabi/9.3.1/thumb/v7-m/nofp/crti.o
 .ARM.attributes
                0x000000000000001d       0x2d c:/st/stm32cubeide_1.7.0/stm32cubeide/plugins/com.st.stm32cube.ide.mcu.externaltools.gnu-tools-for-stm32.9-2020-q2-update.win32_2.0.0.202105311346/tools/bin/../lib/gcc/arm-none-eabi/9.3.1/thumb/v7-m/nofp/crtbegin.o
 .ARM.attributes
                0x000000000000004a       0x2d ./Core/Src/7SegmentDisplay.o
 .ARM.attributes
                0x0000000000000077       0x2d ./Core/Src/TrafficLight.o
 .ARM.attributes
                0x00000000000000a4       0x2d ./Core/Src/fsm_automatic.o
 .ARM.attributes
                0x00000000000000d1       0x2d ./Core/Src/fsm_modify_timer_control.o
 .ARM.attributes
                0x00000000000000fe       0x2d ./Core/Src/global.o
 .ARM.attributes
                0x000000000000012b       0x2d ./Core/Src/input_reading.o
 .ARM.attributes
                0x0000000000000158       0x2d ./Core/Src/main.o
 .ARM.attributes
                0x0000000000000185       0x2d ./Core/Src/stm32f1xx_hal_msp.o
 .ARM.attributes
                0x00000000000001b2       0x2d ./Core/Src/stm32f1xx_it.o
 .ARM.attributes
                0x00000000000001df       0x2d ./Core/Src/system_stm32f1xx.o
 .ARM.attributes
                0x000000000000020c       0x2d ./Core/Src/timer.o
 .ARM.attributes
                0x0000000000000239       0x21 ./Core/Startup/startup_stm32f103c6ux.o
 .ARM.attributes
                0x000000000000025a       0x2d ./Drivers/STM32F1xx_HAL_Driver/Src/stm32f1xx_hal.o
 .ARM.attributes
                0x0000000000000287       0x2d ./Drivers/STM32F1xx_HAL_Driver/Src/stm32f1xx_hal_cortex.o
 .ARM.attributes
                0x00000000000002b4       0x2d ./Drivers/STM32F1xx_HAL_Driver/Src/stm32f1xx_hal_gpio.o
 .ARM.attributes
                0x00000000000002e1       0x2d ./Drivers/STM32F1xx_HAL_Driver/Src/stm32f1xx_hal_rcc.o
 .ARM.attributes
                0x000000000000030e       0x2d ./Drivers/STM32F1xx_HAL_Driver/Src/stm32f1xx_hal_tim.o
 .ARM.attributes
                0x000000000000033b       0x2d ./Drivers/STM32F1xx_HAL_Driver/Src/stm32f1xx_hal_tim_ex.o
 .ARM.attributes
                0x0000000000000368       0x2d c:/st/stm32cubeide_1.7.0/stm32cubeide/plugins/com.st.stm32cube.ide.mcu.externaltools.gnu-tools-for-stm32.9-2020-q2-update.win32_2.0.0.202105311346/tools/bin/../lib/gcc/arm-none-eabi/9.3.1/../../../../arm-none-eabi/lib/thumb/v7-m/nofp\libc_nano.a(lib_a-init.o)
 .ARM.attributes
                0x0000000000000395       0x2d c:/st/stm32cubeide_1.7.0/stm32cubeide/plugins/com.st.stm32cube.ide.mcu.externaltools.gnu-tools-for-stm32.9-2020-q2-update.win32_2.0.0.202105311346/tools/bin/../lib/gcc/arm-none-eabi/9.3.1/../../../../arm-none-eabi/lib/thumb/v7-m/nofp\libc_nano.a(lib_a-memset.o)
 .ARM.attributes
                0x00000000000003c2       0x1d c:/st/stm32cubeide_1.7.0/stm32cubeide/plugins/com.st.stm32cube.ide.mcu.externaltools.gnu-tools-for-stm32.9-2020-q2-update.win32_2.0.0.202105311346/tools/bin/../lib/gcc/arm-none-eabi/9.3.1/thumb/v7-m/nofp/crtn.o
OUTPUT(Lab3.elf elf32-littlearm)
LOAD linker stubs
LOAD c:/st/stm32cubeide_1.7.0/stm32cubeide/plugins/com.st.stm32cube.ide.mcu.externaltools.gnu-tools-for-stm32.9-2020-q2-update.win32_2.0.0.202105311346/tools/bin/../lib/gcc/arm-none-eabi/9.3.1/../../../../arm-none-eabi/lib/thumb/v7-m/nofp\libc.a
LOAD c:/st/stm32cubeide_1.7.0/stm32cubeide/plugins/com.st.stm32cube.ide.mcu.externaltools.gnu-tools-for-stm32.9-2020-q2-update.win32_2.0.0.202105311346/tools/bin/../lib/gcc/arm-none-eabi/9.3.1/../../../../arm-none-eabi/lib/thumb/v7-m/nofp\libm.a
LOAD c:/st/stm32cubeide_1.7.0/stm32cubeide/plugins/com.st.stm32cube.ide.mcu.externaltools.gnu-tools-for-stm32.9-2020-q2-update.win32_2.0.0.202105311346/tools/bin/../lib/gcc/arm-none-eabi/9.3.1/thumb/v7-m/nofp\libgcc.a

.debug_info     0x0000000000000000     0x9b25
 .debug_info    0x0000000000000000      0x39f ./Core/Src/7SegmentDisplay.o
 .debug_info    0x000000000000039f      0x401 ./Core/Src/TrafficLight.o
 .debug_info    0x00000000000007a0      0x28e ./Core/Src/fsm_automatic.o
 .debug_info    0x0000000000000a2e      0x27c ./Core/Src/fsm_modify_timer_control.o
 .debug_info    0x0000000000000caa      0x415 ./Core/Src/global.o
 .debug_info    0x00000000000010bf      0x3d9 ./Core/Src/input_reading.o
 .debug_info    0x0000000000001498      0xc7a ./Core/Src/main.o
 .debug_info    0x0000000000002112      0xa04 ./Core/Src/stm32f1xx_hal_msp.o
 .debug_info    0x0000000000002b16      0x7b4 ./Core/Src/stm32f1xx_it.o
 .debug_info    0x00000000000032ca      0x2be ./Core/Src/system_stm32f1xx.o
 .debug_info    0x0000000000003588      0x3c8 ./Core/Src/timer.o
 .debug_info    0x0000000000003950       0x22 ./Core/Startup/startup_stm32f103c6ux.o
 .debug_info    0x0000000000003972      0x74c ./Drivers/STM32F1xx_HAL_Driver/Src/stm32f1xx_hal.o
 .debug_info    0x00000000000040be      0xbbe ./Drivers/STM32F1xx_HAL_Driver/Src/stm32f1xx_hal_cortex.o
 .debug_info    0x0000000000004c7c      0x701 ./Drivers/STM32F1xx_HAL_Driver/Src/stm32f1xx_hal_gpio.o
 .debug_info    0x000000000000537d      0x88e ./Drivers/STM32F1xx_HAL_Driver/Src/stm32f1xx_hal_rcc.o
 .debug_info    0x0000000000005c0b     0x2a45 ./Drivers/STM32F1xx_HAL_Driver/Src/stm32f1xx_hal_tim.o
 .debug_info    0x0000000000008650     0x14d5 ./Drivers/STM32F1xx_HAL_Driver/Src/stm32f1xx_hal_tim_ex.o

.debug_abbrev   0x0000000000000000     0x1c9c
 .debug_abbrev  0x0000000000000000      0x171 ./Core/Src/7SegmentDisplay.o
 .debug_abbrev  0x0000000000000171      0x108 ./Core/Src/TrafficLight.o
 .debug_abbrev  0x0000000000000279       0xbf ./Core/Src/fsm_automatic.o
 .debug_abbrev  0x0000000000000338       0xbf ./Core/Src/fsm_modify_timer_control.o
 .debug_abbrev  0x00000000000003f7      0x124 ./Core/Src/global.o
 .debug_abbrev  0x000000000000051b      0x17f ./Core/Src/input_reading.o
 .debug_abbrev  0x000000000000069a      0x22c ./Core/Src/main.o
 .debug_abbrev  0x00000000000008c6      0x1b7 ./Core/Src/stm32f1xx_hal_msp.o
 .debug_abbrev  0x0000000000000a7d      0x176 ./Core/Src/stm32f1xx_it.o
 .debug_abbrev  0x0000000000000bf3      0x14e ./Core/Src/system_stm32f1xx.o
 .debug_abbrev  0x0000000000000d41      0x12a ./Core/Src/timer.o
 .debug_abbrev  0x0000000000000e6b       0x12 ./Core/Startup/startup_stm32f103c6ux.o
 .debug_abbrev  0x0000000000000e7d      0x1ed ./Drivers/STM32F1xx_HAL_Driver/Src/stm32f1xx_hal.o
 .debug_abbrev  0x000000000000106a      0x313 ./Drivers/STM32F1xx_HAL_Driver/Src/stm32f1xx_hal_cortex.o
 .debug_abbrev  0x000000000000137d      0x1e8 ./Drivers/STM32F1xx_HAL_Driver/Src/stm32f1xx_hal_gpio.o
 .debug_abbrev  0x0000000000001565      0x273 ./Drivers/STM32F1xx_HAL_Driver/Src/stm32f1xx_hal_rcc.o
 .debug_abbrev  0x00000000000017d8      0x25e ./Drivers/STM32F1xx_HAL_Driver/Src/stm32f1xx_hal_tim.o
 .debug_abbrev  0x0000000000001a36      0x266 ./Drivers/STM32F1xx_HAL_Driver/Src/stm32f1xx_hal_tim_ex.o

.debug_aranges  0x0000000000000000      0xb18
 .debug_aranges
                0x0000000000000000       0x30 ./Core/Src/7SegmentDisplay.o
 .debug_aranges
                0x0000000000000030       0x80 ./Core/Src/TrafficLight.o
 .debug_aranges
                0x00000000000000b0       0x28 ./Core/Src/fsm_automatic.o
 .debug_aranges
                0x00000000000000d8       0x20 ./Core/Src/fsm_modify_timer_control.o
 .debug_aranges
                0x00000000000000f8       0x20 ./Core/Src/global.o
 .debug_aranges
                0x0000000000000118       0x38 ./Core/Src/input_reading.o
 .debug_aranges
                0x0000000000000150       0x48 ./Core/Src/main.o
 .debug_aranges
                0x0000000000000198       0x30 ./Core/Src/stm32f1xx_hal_msp.o
 .debug_aranges
                0x00000000000001c8       0x68 ./Core/Src/stm32f1xx_it.o
 .debug_aranges
                0x0000000000000230       0x28 ./Core/Src/system_stm32f1xx.o
 .debug_aranges
                0x0000000000000258       0x98 ./Core/Src/timer.o
 .debug_aranges
                0x00000000000002f0       0x28 ./Core/Startup/startup_stm32f103c6ux.o
 .debug_aranges
                0x0000000000000318       0xe0 ./Drivers/STM32F1xx_HAL_Driver/Src/stm32f1xx_hal.o
 .debug_aranges
                0x00000000000003f8      0x100 ./Drivers/STM32F1xx_HAL_Driver/Src/stm32f1xx_hal_cortex.o
 .debug_aranges
                0x00000000000004f8       0x58 ./Drivers/STM32F1xx_HAL_Driver/Src/stm32f1xx_hal_gpio.o
 .debug_aranges
                0x0000000000000550       0x90 ./Drivers/STM32F1xx_HAL_Driver/Src/stm32f1xx_hal_rcc.o
 .debug_aranges
                0x00000000000005e0      0x3d0 ./Drivers/STM32F1xx_HAL_Driver/Src/stm32f1xx_hal_tim.o
 .debug_aranges
                0x00000000000009b0      0x168 ./Drivers/STM32F1xx_HAL_Driver/Src/stm32f1xx_hal_tim_ex.o

.debug_ranges   0x0000000000000000      0xa00
 .debug_ranges  0x0000000000000000       0x20 ./Core/Src/7SegmentDisplay.o
 .debug_ranges  0x0000000000000020       0x70 ./Core/Src/TrafficLight.o
 .debug_ranges  0x0000000000000090       0x18 ./Core/Src/fsm_automatic.o
 .debug_ranges  0x00000000000000a8       0x10 ./Core/Src/fsm_modify_timer_control.o
 .debug_ranges  0x00000000000000b8       0x10 ./Core/Src/global.o
 .debug_ranges  0x00000000000000c8       0x28 ./Core/Src/input_reading.o
 .debug_ranges  0x00000000000000f0       0x38 ./Core/Src/main.o
 .debug_ranges  0x0000000000000128       0x20 ./Core/Src/stm32f1xx_hal_msp.o
 .debug_ranges  0x0000000000000148       0x58 ./Core/Src/stm32f1xx_it.o
 .debug_ranges  0x00000000000001a0       0x18 ./Core/Src/system_stm32f1xx.o
 .debug_ranges  0x00000000000001b8       0x88 ./Core/Src/timer.o
 .debug_ranges  0x0000000000000240       0x20 ./Core/Startup/startup_stm32f103c6ux.o
 .debug_ranges  0x0000000000000260       0xd0 ./Drivers/STM32F1xx_HAL_Driver/Src/stm32f1xx_hal.o
 .debug_ranges  0x0000000000000330       0xf0 ./Drivers/STM32F1xx_HAL_Driver/Src/stm32f1xx_hal_cortex.o
 .debug_ranges  0x0000000000000420       0x48 ./Drivers/STM32F1xx_HAL_Driver/Src/stm32f1xx_hal_gpio.o
 .debug_ranges  0x0000000000000468       0x80 ./Drivers/STM32F1xx_HAL_Driver/Src/stm32f1xx_hal_rcc.o
 .debug_ranges  0x00000000000004e8      0x3c0 ./Drivers/STM32F1xx_HAL_Driver/Src/stm32f1xx_hal_tim.o
 .debug_ranges  0x00000000000008a8      0x158 ./Drivers/STM32F1xx_HAL_Driver/Src/stm32f1xx_hal_tim_ex.o

.debug_macro    0x0000000000000000    0x170b0
 .debug_macro   0x0000000000000000      0x1d9 ./Core/Src/7SegmentDisplay.o
 .debug_macro   0x00000000000001d9      0xa9c ./Core/Src/7SegmentDisplay.o
 .debug_macro   0x0000000000000c75      0x215 ./Core/Src/7SegmentDisplay.o
 .debug_macro   0x0000000000000e8a       0x2e ./Core/Src/7SegmentDisplay.o
 .debug_macro   0x0000000000000eb8       0x22 ./Core/Src/7SegmentDisplay.o
 .debug_macro   0x0000000000000eda       0x22 ./Core/Src/7SegmentDisplay.o
 .debug_macro   0x0000000000000efc       0x8e ./Core/Src/7SegmentDisplay.o
 .debug_macro   0x0000000000000f8a       0x51 ./Core/Src/7SegmentDisplay.o
 .debug_macro   0x0000000000000fdb      0x103 ./Core/Src/7SegmentDisplay.o
 .debug_macro   0x00000000000010de       0x6a ./Core/Src/7SegmentDisplay.o
 .debug_macro   0x0000000000001148      0x1df ./Core/Src/7SegmentDisplay.o
 .debug_macro   0x0000000000001327       0x1c ./Core/Src/7SegmentDisplay.o
 .debug_macro   0x0000000000001343       0x22 ./Core/Src/7SegmentDisplay.o
 .debug_macro   0x0000000000001365       0xc3 ./Core/Src/7SegmentDisplay.o
 .debug_macro   0x0000000000001428      0xd23 ./Core/Src/7SegmentDisplay.o
 .debug_macro   0x000000000000214b     0xde75 ./Core/Src/7SegmentDisplay.o
 .debug_macro   0x000000000000ffc0       0x6d ./Core/Src/7SegmentDisplay.o
 .debug_macro   0x000000000001002d     0x3468 ./Core/Src/7SegmentDisplay.o
 .debug_macro   0x0000000000013495      0x174 ./Core/Src/7SegmentDisplay.o
 .debug_macro   0x0000000000013609       0x5c ./Core/Src/7SegmentDisplay.o
 .debug_macro   0x0000000000013665      0x5be ./Core/Src/7SegmentDisplay.o
 .debug_macro   0x0000000000013c23      0x1b7 ./Core/Src/7SegmentDisplay.o
 .debug_macro   0x0000000000013dda      0x1cb ./Core/Src/7SegmentDisplay.o
 .debug_macro   0x0000000000013fa5      0x114 ./Core/Src/7SegmentDisplay.o
 .debug_macro   0x00000000000140b9      0x1b2 ./Core/Src/7SegmentDisplay.o
 .debug_macro   0x000000000001426b       0x27 ./Core/Src/7SegmentDisplay.o
 .debug_macro   0x0000000000014292      0x12f ./Core/Src/7SegmentDisplay.o
 .debug_macro   0x00000000000143c1      0x1bc ./Core/Src/7SegmentDisplay.o
 .debug_macro   0x000000000001457d       0x34 ./Core/Src/7SegmentDisplay.o
 .debug_macro   0x00000000000145b1       0x3c ./Core/Src/7SegmentDisplay.o
 .debug_macro   0x00000000000145ed       0x57 ./Core/Src/7SegmentDisplay.o
 .debug_macro   0x0000000000014644       0x88 ./Core/Src/7SegmentDisplay.o
 .debug_macro   0x00000000000146cc      0x183 ./Core/Src/7SegmentDisplay.o
 .debug_macro   0x000000000001484f      0x141 ./Core/Src/7SegmentDisplay.o
 .debug_macro   0x0000000000014990      0x8d1 ./Core/Src/7SegmentDisplay.o
 .debug_macro   0x0000000000015261       0x69 ./Core/Src/7SegmentDisplay.o
 .debug_macro   0x00000000000152ca      0x130 ./Core/Src/7SegmentDisplay.o
 .debug_macro   0x00000000000153fa       0x40 ./Core/Src/7SegmentDisplay.o
 .debug_macro   0x000000000001543a       0x46 ./Core/Src/7SegmentDisplay.o
 .debug_macro   0x0000000000015480      0x1d3 ./Core/Src/TrafficLight.o
 .debug_macro   0x0000000000015653      0x1dd ./Core/Src/fsm_automatic.o
 .debug_macro   0x0000000000015830      0x1dd ./Core/Src/fsm_modify_timer_control.o
 .debug_macro   0x0000000000015a0d      0x1c9 ./Core/Src/global.o
 .debug_macro   0x0000000000015bd6      0x1bc ./Core/Src/input_reading.o
 .debug_macro   0x0000000000015d92       0x3a ./Core/Src/input_reading.o
 .debug_macro   0x0000000000015dcc      0x1f8 ./Core/Src/main.o
 .debug_macro   0x0000000000015fc4       0x10 ./Core/Src/main.o
 .debug_macro   0x0000000000015fd4      0x1a7 ./Core/Src/stm32f1xx_hal_msp.o
 .debug_macro   0x000000000001617b      0x1b1 ./Core/Src/stm32f1xx_it.o
 .debug_macro   0x000000000001632c      0x198 ./Core/Src/system_stm32f1xx.o
 .debug_macro   0x00000000000164c4      0x1ba ./Core/Src/timer.o
 .debug_macro   0x000000000001667e      0x1bc ./Drivers/STM32F1xx_HAL_Driver/Src/stm32f1xx_hal.o
 .debug_macro   0x000000000001683a      0x198 ./Drivers/STM32F1xx_HAL_Driver/Src/stm32f1xx_hal_cortex.o
 .debug_macro   0x00000000000169d2      0x203 ./Drivers/STM32F1xx_HAL_Driver/Src/stm32f1xx_hal_gpio.o
 .debug_macro   0x0000000000016bd5      0x1aa ./Drivers/STM32F1xx_HAL_Driver/Src/stm32f1xx_hal_rcc.o
 .debug_macro   0x0000000000016d7f      0x199 ./Drivers/STM32F1xx_HAL_Driver/Src/stm32f1xx_hal_tim.o
 .debug_macro   0x0000000000016f18      0x198 ./Drivers/STM32F1xx_HAL_Driver/Src/stm32f1xx_hal_tim_ex.o

.debug_line     0x0000000000000000     0xcb5d
 .debug_line    0x0000000000000000      0x796 ./Core/Src/7SegmentDisplay.o
 .debug_line    0x0000000000000796      0x7c8 ./Core/Src/TrafficLight.o
 .debug_line    0x0000000000000f5e      0x980 ./Core/Src/fsm_automatic.o
 .debug_line    0x00000000000018de      0x8d2 ./Core/Src/fsm_modify_timer_control.o
 .debug_line    0x00000000000021b0      0x693 ./Core/Src/global.o
 .debug_line    0x0000000000002843      0x7fe ./Core/Src/input_reading.o
 .debug_line    0x0000000000003041      0x80f ./Core/Src/main.o
 .debug_line    0x0000000000003850      0x6a1 ./Core/Src/stm32f1xx_hal_msp.o
 .debug_line    0x0000000000003ef1      0x73f ./Core/Src/stm32f1xx_it.o
 .debug_line    0x0000000000004630      0x6e3 ./Core/Src/system_stm32f1xx.o
 .debug_line    0x0000000000004d13      0x898 ./Core/Src/timer.o
 .debug_line    0x00000000000055ab       0x87 ./Core/Startup/startup_stm32f103c6ux.o
 .debug_line    0x0000000000005632      0x910 ./Drivers/STM32F1xx_HAL_Driver/Src/stm32f1xx_hal.o
 .debug_line    0x0000000000005f42      0xaf8 ./Drivers/STM32F1xx_HAL_Driver/Src/stm32f1xx_hal_cortex.o
 .debug_line    0x0000000000006a3a      0x991 ./Drivers/STM32F1xx_HAL_Driver/Src/stm32f1xx_hal_gpio.o
 .debug_line    0x00000000000073cb      0xd1e ./Drivers/STM32F1xx_HAL_Driver/Src/stm32f1xx_hal_rcc.o
 .debug_line    0x00000000000080e9     0x326e ./Drivers/STM32F1xx_HAL_Driver/Src/stm32f1xx_hal_tim.o
 .debug_line    0x000000000000b357     0x1806 ./Drivers/STM32F1xx_HAL_Driver/Src/stm32f1xx_hal_tim_ex.o

.debug_str      0x0000000000000000    0x82563
 .debug_str     0x0000000000000000    0x7f815 ./Core/Src/7SegmentDisplay.o
                                      0x7fb66 (size before relaxing)
 .debug_str     0x000000000007f815       0xd4 ./Core/Src/TrafficLight.o
                                      0x7fbc2 (size before relaxing)
 .debug_str     0x000000000007f8e9       0x58 ./Core/Src/fsm_automatic.o
                                      0x7fb2a (size before relaxing)
 .debug_str     0x000000000007f941       0x61 ./Core/Src/fsm_modify_timer_control.o
                                      0x7fb33 (size before relaxing)
 .debug_str     0x000000000007f9a2       0x20 ./Core/Src/global.o
                                      0x7fb0e (size before relaxing)
 .debug_str     0x000000000007f9c2      0x137 ./Core/Src/input_reading.o
                                      0x7faaf (size before relaxing)
 .debug_str     0x000000000007faf9      0x6df ./Core/Src/main.o
                                      0x80306 (size before relaxing)
 .debug_str     0x00000000000801d8      0x2ba ./Core/Src/stm32f1xx_hal_msp.o
                                      0x8007f (size before relaxing)
 .debug_str     0x0000000000080492       0xcd ./Core/Src/stm32f1xx_it.o
                                      0x7fde1 (size before relaxing)
 .debug_str     0x000000000008055f       0x52 ./Core/Src/system_stm32f1xx.o
                                      0x7f4f4 (size before relaxing)
 .debug_str     0x00000000000805b1      0x157 ./Core/Src/timer.o
                                      0x7fa90 (size before relaxing)
 .debug_str     0x0000000000080708       0x36 ./Core/Startup/startup_stm32f103c6ux.o
                                         0x5f (size before relaxing)
 .debug_str     0x000000000008073e      0x304 ./Drivers/STM32F1xx_HAL_Driver/Src/stm32f1xx_hal.o
                                      0x7fb4b (size before relaxing)
 .debug_str     0x0000000000080a42      0x300 ./Drivers/STM32F1xx_HAL_Driver/Src/stm32f1xx_hal_cortex.o
                                      0x7fb53 (size before relaxing)
 .debug_str     0x0000000000080d42      0x316 ./Drivers/STM32F1xx_HAL_Driver/Src/stm32f1xx_hal_gpio.o
                                      0x7f8b8 (size before relaxing)
 .debug_str     0x0000000000081058      0x24f ./Drivers/STM32F1xx_HAL_Driver/Src/stm32f1xx_hal_rcc.o
                                      0x7f8f1 (size before relaxing)
 .debug_str     0x00000000000812a7      0xdce ./Drivers/STM32F1xx_HAL_Driver/Src/stm32f1xx_hal_tim.o
                                      0x808c3 (size before relaxing)
 .debug_str     0x0000000000082075      0x4ee ./Drivers/STM32F1xx_HAL_Driver/Src/stm32f1xx_hal_tim_ex.o
                                      0x80074 (size before relaxing)

.comment        0x0000000000000000       0x53
 .comment       0x0000000000000000       0x53 ./Core/Src/7SegmentDisplay.o
                                         0x54 (size before relaxing)
 .comment       0x0000000000000053       0x54 ./Core/Src/TrafficLight.o
 .comment       0x0000000000000053       0x54 ./Core/Src/fsm_automatic.o
 .comment       0x0000000000000053       0x54 ./Core/Src/fsm_modify_timer_control.o
 .comment       0x0000000000000053       0x54 ./Core/Src/global.o
 .comment       0x0000000000000053       0x54 ./Core/Src/input_reading.o
 .comment       0x0000000000000053       0x54 ./Core/Src/main.o
 .comment       0x0000000000000053       0x54 ./Core/Src/stm32f1xx_hal_msp.o
 .comment       0x0000000000000053       0x54 ./Core/Src/stm32f1xx_it.o
 .comment       0x0000000000000053       0x54 ./Core/Src/system_stm32f1xx.o
 .comment       0x0000000000000053       0x54 ./Core/Src/timer.o
 .comment       0x0000000000000053       0x54 ./Drivers/STM32F1xx_HAL_Driver/Src/stm32f1xx_hal.o
 .comment       0x0000000000000053       0x54 ./Drivers/STM32F1xx_HAL_Driver/Src/stm32f1xx_hal_cortex.o
 .comment       0x0000000000000053       0x54 ./Drivers/STM32F1xx_HAL_Driver/Src/stm32f1xx_hal_gpio.o
 .comment       0x0000000000000053       0x54 ./Drivers/STM32F1xx_HAL_Driver/Src/stm32f1xx_hal_rcc.o
 .comment       0x0000000000000053       0x54 ./Drivers/STM32F1xx_HAL_Driver/Src/stm32f1xx_hal_tim.o
 .comment       0x0000000000000053       0x54 ./Drivers/STM32F1xx_HAL_Driver/Src/stm32f1xx_hal_tim_ex.o

.debug_frame    0x0000000000000000     0x2b4c
 .debug_frame   0x0000000000000000       0x7c ./Core/Src/7SegmentDisplay.o
 .debug_frame   0x000000000000007c      0x17c ./Core/Src/TrafficLight.o
 .debug_frame   0x00000000000001f8       0x48 ./Core/Src/fsm_automatic.o
 .debug_frame   0x0000000000000240       0x2c ./Core/Src/fsm_modify_timer_control.o
 .debug_frame   0x000000000000026c       0x2c ./Core/Src/global.o
 .debug_frame   0x0000000000000298       0xb0 ./Core/Src/input_reading.o
 .debug_frame   0x0000000000000348       0xd4 ./Core/Src/main.o
 .debug_frame   0x000000000000041c       0x80 ./Core/Src/stm32f1xx_hal_msp.o
 .debug_frame   0x000000000000049c      0x120 ./Core/Src/stm32f1xx_it.o
 .debug_frame   0x00000000000005bc       0x58 ./Core/Src/system_stm32f1xx.o
 .debug_frame   0x0000000000000614      0x238 ./Core/Src/timer.o
 .debug_frame   0x000000000000084c      0x334 ./Drivers/STM32F1xx_HAL_Driver/Src/stm32f1xx_hal.o
 .debug_frame   0x0000000000000b80      0x428 ./Drivers/STM32F1xx_HAL_Driver/Src/stm32f1xx_hal_cortex.o
 .debug_frame   0x0000000000000fa8      0x14c ./Drivers/STM32F1xx_HAL_Driver/Src/stm32f1xx_hal_gpio.o
 .debug_frame   0x00000000000010f4      0x21c ./Drivers/STM32F1xx_HAL_Driver/Src/stm32f1xx_hal_rcc.o
 .debug_frame   0x0000000000001310     0x11b8 ./Drivers/STM32F1xx_HAL_Driver/Src/stm32f1xx_hal_tim.o
 .debug_frame   0x00000000000024c8      0x638 ./Drivers/STM32F1xx_HAL_Driver/Src/stm32f1xx_hal_tim_ex.o
 .debug_frame   0x0000000000002b00       0x2c c:/st/stm32cubeide_1.7.0/stm32cubeide/plugins/com.st.stm32cube.ide.mcu.externaltools.gnu-tools-for-stm32.9-2020-q2-update.win32_2.0.0.202105311346/tools/bin/../lib/gcc/arm-none-eabi/9.3.1/../../../../arm-none-eabi/lib/thumb/v7-m/nofp\libc_nano.a(lib_a-init.o)
 .debug_frame   0x0000000000002b2c       0x20 c:/st/stm32cubeide_1.7.0/stm32cubeide/plugins/com.st.stm32cube.ide.mcu.externaltools.gnu-tools-for-stm32.9-2020-q2-update.win32_2.0.0.202105311346/tools/bin/../lib/gcc/arm-none-eabi/9.3.1/../../../../arm-none-eabi/lib/thumb/v7-m/nofp\libc_nano.a(lib_a-memset.o)
